
> jmove-logistics@1.0.0 build
> vite build

[36mvite v7.3.1 [32mbuilding client environment for production...[36m[39m
transforming...
[32mΓ£ô[39m 1064 modules transformed.
rendering chunks...
[plugin vite:reporter] 
(!) C:/Users/adeko/OneDrive/Desktop/vsCode/swifthaul/swifthaul/src/api/client.js is dynamically imported by C:/Users/adeko/OneDrive/Desktop/vsCode/swifthaul/swifthaul/src/App.jsx, C:/Users/adeko/OneDrive/Desktop/vsCode/swifthaul/swifthaul/src/App.jsx but also statically imported by C:/Users/adeko/OneDrive/Desktop/vsCode/swifthaul/swifthaul/src/App.jsx, C:/Users/adeko/OneDrive/Desktop/vsCode/swifthaul/swifthaul/src/components/shared/NotificationBell.jsx, C:/Users/adeko/OneDrive/Desktop/vsCode/swifthaul/swifthaul/src/pages/ForgotPassword.jsx, C:/Users/adeko/OneDrive/Desktop/vsCode/swifthaul/swifthaul/src/pages/Login.jsx, C:/Users/adeko/OneDrive/Desktop/vsCode/swifthaul/swifthaul/src/pages/PaymentVerify.jsx, C:/Users/adeko/OneDrive/Desktop/vsCode/swifthaul/swifthaul/src/pages/Register.jsx, C:/Users/adeko/OneDrive/Desktop/vsCode/swifthaul/swifthaul/src/pages/TrackOrder.jsx, C:/Users/adeko/OneDrive/Desktop/vsCode/swifthaul/swifthaul/src/pages/VerifyEmail.jsx, C:/Users/adeko/OneDrive/Desktop/vsCode/swifthaul/swifthaul/src/pages/admin/AdminAnalytics.jsx, C:/Users/adeko/OneDrive/Desktop/vsCode/swifthaul/swifthaul/src/pages/admin/AdminCustomers.jsx, C:/Users/adeko/OneDrive/Desktop/vsCode/swifthaul/swifthaul/src/pages/admin/AdminDashboard.jsx, C:/Users/adeko/OneDrive/Desktop/vsCode/swifthaul/swifthaul/src/pages/admin/AdminDrivers.jsx, C:/Users/adeko/OneDrive/Desktop/vsCode/swifthaul/swifthaul/src/pages/admin/AdminFleet.jsx, C:/Users/adeko/OneDrive/Desktop/vsCode/swifthaul/swifthaul/src/pages/admin/AdminLogs.jsx, C:/Users/adeko/OneDrive/Desktop/vsCode/swifthaul/swifthaul/src/pages/admin/AdminMap.jsx, C:/Users/adeko/OneDrive/Desktop/vsCode/swifthaul/swifthaul/src/pages/admin/AdminOrderDetail.jsx, C:/Users/adeko/OneDrive/Desktop/vsCode/swifthaul/swifthaul/src/pages/admin/AdminOrders.jsx, C:/Users/adeko/OneDrive/Desktop/vsCode/swifthaul/swifthaul/src/pages/admin/AdminPayments.jsx, C:/Users/adeko/OneDrive/Desktop/vsCode/swifthaul/swifthaul/src/pages/admin/AdminPricing.jsx, C:/Users/adeko/OneDrive/Desktop/vsCode/swifthaul/swifthaul/src/pages/admin/AdminSettings.jsx, C:/Users/adeko/OneDrive/Desktop/vsCode/swifthaul/swifthaul/src/pages/admin/AdminUsers.jsx, C:/Users/adeko/OneDrive/Desktop/vsCode/swifthaul/swifthaul/src/pages/customer/CustomerDashboard.jsx, C:/Users/adeko/OneDrive/Desktop/vsCode/swifthaul/swifthaul/src/pages/customer/CustomerOrderDetail.jsx, C:/Users/adeko/OneDrive/Desktop/vsCode/swifthaul/swifthaul/src/pages/customer/CustomerOrders.jsx, C:/Users/adeko/OneDrive/Desktop/vsCode/swifthaul/swifthaul/src/pages/customer/CustomerPayments.jsx, C:/Users/adeko/OneDrive/Desktop/vsCode/swifthaul/swifthaul/src/pages/customer/NewOrder.jsx, C:/Users/adeko/OneDrive/Desktop/vsCode/swifthaul/swifthaul/src/pages/driver/DriverActive.jsx, C:/Users/adeko/OneDrive/Desktop/vsCode/swifthaul/swifthaul/src/pages/driver/DriverDashboard.jsx, C:/Users/adeko/OneDrive/Desktop/vsCode/swifthaul/swifthaul/src/pages/driver/DriverHistory.jsx, C:/Users/adeko/OneDrive/Desktop/vsCode/swifthaul/swifthaul/src/pages/driver/DriverJobs.jsx, dynamic import will not move module into another chunk.

computing gzip size...
[2mdist/[22m[32mindex.html                 [39m[1m[2m  0.90 kB[22m[1m[22m[2m Γöé gzip:   0.43 kB[22m
[2mdist/[22m[35massets/index-BfqfIoSv.css  [39m[1m[2m152.53 kB[22m[1m[22m[2m Γöé gzip:  25.09 kB[22m
[2mdist/[22m[36massets/utils-Y49Bevd1.js   [39m[1m[2m 22.15 kB[22m[1m[22m[2m Γöé gzip:   6.31 kB[22m
[2mdist/[22m[36massets/socket-DnBibYSk.js  [39m[1m[2m 41.66 kB[22m[1m[22m[2m Γöé gzip:  13.04 kB[22m
[2mdist/[22m[36massets/vendor-D7DWOXVn.js  [39m[1m[2m 48.70 kB[22m[1m[22m[2m Γöé gzip:  17.22 kB[22m
[2mdist/[22m[36massets/charts-CuuA69PF.js  [39m[1m[2m420.71 kB[22m[1m[22m[2m Γöé gzip: 113.50 kB[22m
[2mdist/[22m[36massets/index-1IgIMPmb.js   [39m[1m[2m458.98 kB[22m[1m[22m[2m Γöé gzip: 122.41 kB[22m
[32mΓ£ô built in 9.34s[39m
